{
    "test_nothing_profile": {
        "content": [
            
        ],
        "meta": {
            "nf-test": "0.8.4",
            "nextflow": "24.03.0"
        },
        "timestamp": "2024-04-24T21:20:44.270853649"
    }
}