ERROR ~ ERROR: Validation of pipeline parameters failed!

 -- Check '/home/james/git/nf-core/funcscan/.nf-test/tests/c942120d7cd43a13d3aa57ca51c91abb/meta/nextflow.log' file for details
